LogWindows: Failed to load 'aqProf.dll' (GetLastError=126)
LogWindows: Failed to load 'VtuneApi.dll' (GetLastError=126)
LogWindows: Failed to load 'VtuneApi32e.dll' (GetLastError=126)
LogWindows: Failed to load 'WinPixGpuCapturer.dll' (GetLastError=126)
[2026.03.05-01.23.36:995][  0]LogStreaming: Warning: Failed to read file '../../../Engine/Platforms/VisionOS/Content/Editor/Slate/Launcher/Platform_VisionOS_24x.png' error.
[2026.03.05-01.23.36:995][  0]LogStreaming: Warning: Failed to read file '../../../Engine/Platforms/VisionOS/Content/Editor/Slate/Launcher/Platform_VisionOS_128x.png' error.
[2026.03.05-01.23.39:490][  0]LogStreamlineAPI: [17-23-39][streamline][info][tid:23024][2s:436ms:940us]commonEntry.cpp:1059[ngxLog]  error: no matching adapter found
[2026.03.05-01.23.39:492][  0]LogStreamlineD3D12RHI: Registering FStreamlineD3D12DXGISwapchainProvider as IDXGISwapchainProvider, due to a supported feature needing a swap chain provider: (kFeatureDLSS_G, Result::eOk),(kFeatureLatewarp, Result::eErrorFeatureMissing),(kFeatureImGUI, Result::eErrorFeatureMissing). This can be overriden with -sl{no}swapchainprovider
[2026.03.05-01.23.42:589][  0]LogStreaming: Warning: Failed to read file '../../../Engine/Platforms/VisionOS/Content/Editor/Slate/Launcher/Platform_VisionOS_128x.png' error.
[2026.03.05-01.23.42:589][  0]LogStreaming: Warning: Failed to read file '../../../Engine/Platforms/VisionOS/Content/Editor/Slate/Launcher/Platform_VisionOS_24x.png' error.
[2026.03.05-01.23.43:613][  0]LogStreaming: Warning: Failed to read file '../../../Engine/Content/Editor/Slate/Images/NamespaceBorder.png' error.
[2026.03.05-01.23.43:911][  0]LogStreaming: Warning: Failed to read file '../../../Engine/Content/Slate/Common/ButtonHoverHint.png' error.
[2026.03.05-01.23.43:911][  0]LogStreaming: Warning: Failed to read file '../../../Engine/Content/Slate/./Editor/Slate/Icons/doc_16x.png' error.
[2026.03.05-01.23.44:149][  0]LogStreaming: Warning: Failed to read file '../../../../../../UnrealEngine/FlowjoDojo/Saved/Config/GenAI/secureconfig.bin' error.
[2026.03.05-01.23.44:364][  0]LogClass: Error: StructProperty FParcelEntry::Bounds is not initialized properly. Module:FlowParcels File:Public/ChunkActor.h
[2026.03.05-01.23.44:365][  0]LogClass: Error: StructProperty FParcelPolygon::Bounds is not initialized properly. Module:FlowParcels File:Public/ParcelData.h
[2026.03.05-01.23.44:365][  0]LogClass: Error: StructProperty FParcelData::Bounds is not initialized properly. Module:FlowParcels File:Public/ParcelData.h
[2026.03.05-01.23.44:365][  0]LogClass: Error: StructProperty FParcelLookup::ChunkOrigin is not initialized properly. Module:FlowParcels File:Public/ParcelManager.h
[2026.03.05-01.23.44:375][  0]LogWwiseProjectDatabase: Verbose: An Expected Error
[2026.03.05-01.23.44:375][  0]LogWwiseProjectDatabase: Verbose: Multiple Errors
[2026.03.05-01.23.44:375][  0]LogWwiseProjectDatabase: Verbose: Multiple Errors
[2026.03.05-01.23.44:375][  0]LogWwiseProjectDatabase: Verbose: Error while decoding json
[2026.03.05-01.23.44:377][  0]LogAutomationTest: Error: LogClass: StructProperty FParcelEntry::Bounds is not initialized properly. Module:FlowParcels File:Public/ChunkActor.h
[2026.03.05-01.23.44:377][  0]LogAutomationTest: Error: LogClass: StructProperty FParcelPolygon::Bounds is not initialized properly. Module:FlowParcels File:Public/ParcelData.h
[2026.03.05-01.23.44:377][  0]LogAutomationTest: Error: LogClass: StructProperty FParcelData::Bounds is not initialized properly. Module:FlowParcels File:Public/ParcelData.h
[2026.03.05-01.23.44:377][  0]LogAutomationTest: Error: LogClass: StructProperty FParcelLookup::ChunkOrigin is not initialized properly. Module:FlowParcels File:Public/ParcelManager.h
[2026.03.05-01.23.48:876][  0]LogWindows: Failed to load 'amfrt64.dll' (GetLastError=126)
[2026.03.05-01.23.48:923][  0]LogStreamlineRHI: SLisFeatureSupported(kFeatureImGUI) -> (31, Result::eErrorFeatureMissing)
[2026.03.05-01.23.58:396][  0]Model View Viewmodel: Error: The binding 'Binding: Txt_KeyName_Rebind.Text = FlowAtlasKeyboardControlsViewModel.FocusedKeyDataBusToRemap.PlayerKeyMapping.DisplayName' was not executed. Invalid Source. BindingsAndControls
[2026.03.05-01.23.58:396][  0]Model View Viewmodel: Error: The binding 'Binding: IKS_CurrentKey_Rebind.SelectedKey = Convert_KeyToInputChord ( FlowAtlasKeyboardControlsViewModel.FocusedKeyDataBusToRemap.PlayerKeyMapping.CurrentKey )' was not executed. Invalid Source. BindingsAndControls
[2026.03.05-01.24.02:335][  0]LogAnnotationToolSubsystem: Error: [Annotation Tool - Events] New Map Loaded: LV_GameEntry.
[2026.03.05-01.24.18:718][  0]LogFastGeoStreaming: Error: FastGeoStreaming Cell Transformer requires 'p.Chaos.EnableAsyncInitBody' to be enabled.
[2026.03.05-01.24.18:776][  0]LogFastGeoStreaming: Error: FastGeoStreaming Cell Transformer requires 'p.Chaos.EnableAsyncInitBody' to be enabled.
[2026.03.05-01.25.11:467][  0]LogFastGeoStreaming: Error: FastGeoStreaming Cell Transformer requires 'p.Chaos.EnableAsyncInitBody' to be enabled.
[2026.03.05-01.25.11:467][  0]LogFastGeoStreaming: Error: FastGeoStreaming Cell Transformer requires 'p.Chaos.EnableAsyncInitBody' to be enabled.
[2026.03.05-01.25.12:435][  0]LogFastGeoStreaming: Error: FastGeoStreaming Cell Transformer requires 'p.Chaos.EnableAsyncInitBody' to be enabled.
[2026.03.05-01.25.12:436][  0]LogFastGeoStreaming: Error: FastGeoStreaming Cell Transformer requires 'p.Chaos.EnableAsyncInitBody' to be enabled.
[2026.03.05-01.25.12:440][  0]LogFastGeoStreaming: Error: FastGeoStreaming Cell Transformer requires 'p.Chaos.EnableAsyncInitBody' to be enabled.
[2026.03.05-01.25.12:455][  0]LogFastGeoStreaming: Error: FastGeoStreaming Cell Transformer requires 'p.Chaos.EnableAsyncInitBody' to be enabled.
[2026.03.05-01.25.12:455][  0]LogFastGeoStreaming: Error: FastGeoStreaming Cell Transformer requires 'p.Chaos.EnableAsyncInitBody' to be enabled.
[2026.03.05-01.25.12:531][  0]LogFastGeoStreaming: Error: FastGeoStreaming Cell Transformer requires 'p.Chaos.EnableAsyncInitBody' to be enabled.
[2026.03.05-01.25.12:552][  0]LogFastGeoStreaming: Error: FastGeoStreaming Cell Transformer requires 'p.Chaos.EnableAsyncInitBody' to be enabled.
[2026.03.05-01.25.12:585][  0]LogFastGeoStreaming: Error: FastGeoStreaming Cell Transformer requires 'p.Chaos.EnableAsyncInitBody' to be enabled.
[2026.03.05-01.25.13:225][  0]LogFastGeoStreaming: Error: FastGeoStreaming Cell Transformer requires 'p.Chaos.EnableAsyncInitBody' to be enabled.
[2026.03.05-01.25.13:287][  0]LogFastGeoStreaming: Error: FastGeoStreaming Cell Transformer requires 'p.Chaos.EnableAsyncInitBody' to be enabled.
[2026.03.05-01.25.13:289][  0]LogFastGeoStreaming: Error: FastGeoStreaming Cell Transformer requires 'p.Chaos.EnableAsyncInitBody' to be enabled.
[2026.03.05-01.25.13:290][  0]LogFastGeoStreaming: Error: FastGeoStreaming Cell Transformer requires 'p.Chaos.EnableAsyncInitBody' to be enabled.
[2026.03.05-01.25.13:290][  0]LogFastGeoStreaming: Error: FastGeoStreaming Cell Transformer requires 'p.Chaos.EnableAsyncInitBody' to be enabled.
[2026.03.05-01.25.13:290][  0]LogFastGeoStreaming: Error: FastGeoStreaming Cell Transformer requires 'p.Chaos.EnableAsyncInitBody' to be enabled.
[2026.03.05-01.25.13:291][  0]LogFastGeoStreaming: Error: FastGeoStreaming Cell Transformer requires 'p.Chaos.EnableAsyncInitBody' to be enabled.
[2026.03.05-01.25.13:295][  0]LogFastGeoStreaming: Error: FastGeoStreaming Cell Transformer requires 'p.Chaos.EnableAsyncInitBody' to be enabled.
[2026.03.05-01.25.13:300][  0]LogFastGeoStreaming: Error: FastGeoStreaming Cell Transformer requires 'p.Chaos.EnableAsyncInitBody' to be enabled.
[2026.03.05-01.25.13:309][  0]LogFastGeoStreaming: Error: FastGeoStreaming Cell Transformer requires 'p.Chaos.EnableAsyncInitBody' to be enabled.
[2026.03.05-01.25.13:313][  0]LogFastGeoStreaming: Error: FastGeoStreaming Cell Transformer requires 'p.Chaos.EnableAsyncInitBody' to be enabled.
[2026.03.05-01.25.13:315][  0]LogFastGeoStreaming: Error: FastGeoStreaming Cell Transformer requires 'p.Chaos.EnableAsyncInitBody' to be enabled.
[2026.03.05-01.25.13:316][  0]LogFastGeoStreaming: Error: FastGeoStreaming Cell Transformer requires 'p.Chaos.EnableAsyncInitBody' to be enabled.
[2026.03.05-01.25.13:326][  0]LogFastGeoStreaming: Error: FastGeoStreaming Cell Transformer requires 'p.Chaos.EnableAsyncInitBody' to be enabled.
[2026.03.05-01.25.13:832][  0]LogFastGeoStreaming: Error: FastGeoStreaming Cell Transformer requires 'p.Chaos.EnableAsyncInitBody' to be enabled.
[2026.03.05-01.25.14:147][  0]LogFastGeoStreaming: Error: FastGeoStreaming Cell Transformer requires 'p.Chaos.EnableAsyncInitBody' to be enabled.
[2026.03.05-01.25.15:580][  0]Model View Viewmodel: Error: The binding 'Binding: Txt_KeyName_Rebind.Text = FlowAtlasKeyboardControlsViewModel.FocusedKeyDataBusToRemap.PlayerKeyMapping.DisplayName' was not executed. Invalid Source. BindingsAndControls
[2026.03.05-01.25.15:580][  0]Model View Viewmodel: Error: The binding 'Binding: IKS_CurrentKey_Rebind.SelectedKey = Convert_KeyToInputChord ( FlowAtlasKeyboardControlsViewModel.FocusedKeyDataBusToRemap.PlayerKeyMapping.CurrentKey )' was not executed. Invalid Source. BindingsAndControls
[2026.03.05-01.25.15:622][  0]LogAnnotationToolSubsystem: Error: [Annotation Tool - Events] New Map Loaded: LV_Riyadh.
[2026.03.05-01.25.16:235][  0]LoadErrors: Warning: While trying to load package /Game/Core/TopDown, a dependent package /Game/Core/image2 was not available. Additional explanatory information follows:
[2026.03.05-01.25.16:235][  0]LoadErrors: Warning: While trying to load package /Game/Core/TopDown, a dependent package /Game/Core/image2 was not available. Additional explanatory information follows:
[2026.03.05-01.25.16:235][  0]LoadErrors: Warning: While trying to load package /Game/MataGardenCity/Maps/Instances/Tamkin/Levels/BPP_PLA_Tamkin_Level_0_Props, a dependent package /FlowAssetLibrary/Art/Foliage/Latania/Materials/MI_Latania_Bark_3 was not available. Additional explanatory information follows:
[2026.03.05-01.25.16:235][  0]LoadErrors: Warning: While trying to load package /Game/MataGardenCity/Maps/Instances/Tamkin/Levels/BPP_PLA_Tamkin_Level_0_Props, a dependent package /FlowAssetLibrary/Art/Foliage/Latania/Materials/MI_Latania_Bark_4 was not available. Additional explanatory information follows:
[2026.03.05-01.25.16:235][  0]LoadErrors: Warning: While trying to load package /Game/MataGardenCity/Maps/Instances/Tamkin/Levels/BPP_PLA_Tamkin_Level_0_Props, a dependent package /FlowAssetLibrary/Art/Foliage/Latania/Materials/MI_Latania_Sabal_Seedling1 was not available. Additional explanatory information follows:
[2026.03.05-01.25.16:235][  0]LoadErrors: Warning: While trying to load package /Game/Developers/Alex/Olaya/SM_SpeakerHoles_Olaya, a dependent package /Game/Art/MaterialLibrary/Wood/MI_Wood_01_Triplanar_Vertical_04 was not available. Additional explanatory information follows:
[2026.03.05-01.25.17:086][  3]LogRHI: Error: QueryStatistics failed for the current process use of GPU0
[2026.03.05-01.25.17:656][ 10]LogAIAgent: Warning: WebSocket Connection Error: socket connect failed
[2026.03.05-01.25.24:710][462]LogAIAgent: Warning: WebSocket Connection Error: socket connect failed
[2026.03.05-01.25.31:758][135]LogAIAgent: Warning: WebSocket Connection Error: socket connect failed
[2026.03.05-01.25.38:815][771]LogAIAgent: Warning: WebSocket Connection Error: socket connect failed
[2026.03.05-01.25.45:881][483]LogAIAgent: Warning: WebSocket Connection Error: socket connect failed
[2026.03.05-01.25.50:160][883]LogFastGeoStreaming: Error: FastGeoStreaming Cell Transformer requires 'p.Chaos.EnableAsyncInitBody' to be enabled.
[2026.03.05-01.25.52:917][153]LogAIAgent: Warning: WebSocket Connection Error: 
[2026.03.05-01.25.59:962][860]LogAIAgent: Warning: WebSocket Connection Error: 
[2026.03.05-01.26.07:012][421]LogAIAgent: Warning: WebSocket Connection Error: socket connect failed
[2026.03.05-01.26.14:076][933]LogAIAgent: Warning: WebSocket Connection Error: socket connect failed
[2026.03.05-01.26.21:131][379]LogAIAgent: Warning: WebSocket Connection Error: 
[2026.03.05-01.26.28:181][848]LogAIAgent: Warning: WebSocket Connection Error: 
[2026.03.05-01.26.28:181][848]LogAIAgent: Error: Max reconnect attempts reached. Giving up.
[2026.03.05-01.26.55:563][635]LogStateTree: Error: UStateTreeComponentSchema::SetContextData: Could not find context actor of type BP_DeliveryRobot_Pawn_C. StateTree will not update.
[2026.03.05-01.26.55:564][635]LogStateTree: Error: UStateTreeComponentSchema::SetContextRequirements: Missing external data requirements. StateTree will not update.
[2026.03.05-01.27.07:217][635]LogBlueprint: Error: [AssetLog] f:\UnrealEngine\FlowjoDojo\Content\UltraDynamicSky\Blueprints\System\Editor_UI\ToolBarMenu\UDS_Toolbar_Utility_Button.uasset: [Compiler] Editor Subsystems can only be used in Editor Utilities / Blutilities
[2026.03.05-01.27.07:229][635]LogBlueprint: Error: [AssetLog] f:\UnrealEngine\FlowjoDojo\Content\UltraDynamicSky\Blueprints\System\Editor_UI\UDS_Editor_Tick_Handler.uasset: [Compiler] Editor Subsystems can only be used in Editor Utilities / Blutilities
[2026.03.05-01.27.07:231][635]LogBlueprint: Error: [AssetLog] f:\UnrealEngine\FlowjoDojo\Content\UltraDynamicSky\Blueprints\System\Editor_UI\UDS_Editor_Tick_Handler.uasset: [Compiler] Editor Subsystems can only be used in Editor Utilities / Blutilities
[2026.03.05-01.27.07:356][635]LogFastGeoStreaming: Error: FastGeoStreaming Cell Transformer requires 'p.Chaos.EnableAsyncInitBody' to be enabled.
[2026.03.05-01.27.08:490][635]LogFastGeoStreaming: Error: FastGeoStreaming Cell Transformer requires 'p.Chaos.EnableAsyncInitBody' to be enabled.
[2026.03.05-01.27.30:056][635]LogFastGeoStreaming: Error: FastGeoStreaming Cell Transformer requires 'p.Chaos.EnableAsyncInitBody' to be enabled.
[2026.03.05-01.27.30:087][635]LogFastGeoStreaming: Error: FastGeoStreaming Cell Transformer requires 'p.Chaos.EnableAsyncInitBody' to be enabled.
[2026.03.05-01.27.30:100][635]LogFastGeoStreaming: Error: FastGeoStreaming Cell Transformer requires 'p.Chaos.EnableAsyncInitBody' to be enabled.
[2026.03.05-01.27.30:101][635]LogFastGeoStreaming: Error: FastGeoStreaming Cell Transformer requires 'p.Chaos.EnableAsyncInitBody' to be enabled.
[2026.03.05-01.27.30:102][635]LogFastGeoStreaming: Error: FastGeoStreaming Cell Transformer requires 'p.Chaos.EnableAsyncInitBody' to be enabled.
[2026.03.05-01.27.31:002][635]LogFastGeoStreaming: Error: FastGeoStreaming Cell Transformer requires 'p.Chaos.EnableAsyncInitBody' to be enabled.
[2026.03.05-01.27.31:552][635]LogFastGeoStreaming: Error: FastGeoStreaming Cell Transformer requires 'p.Chaos.EnableAsyncInitBody' to be enabled.
[2026.03.05-01.27.31:604][635]LogFastGeoStreaming: Error: FastGeoStreaming Cell Transformer requires 'p.Chaos.EnableAsyncInitBody' to be enabled.
[2026.03.05-01.27.33:188][635]LogFastGeoStreaming: Error: FastGeoStreaming Cell Transformer requires 'p.Chaos.EnableAsyncInitBody' to be enabled.
[2026.03.05-01.27.34:717][635]LogFastGeoStreaming: Error: FastGeoStreaming Cell Transformer requires 'p.Chaos.EnableAsyncInitBody' to be enabled.
[2026.03.05-01.27.35:956][635]LogFastGeoStreaming: Error: FastGeoStreaming Cell Transformer requires 'p.Chaos.EnableAsyncInitBody' to be enabled.
[2026.03.05-01.27.37:538][635]LogFastGeoStreaming: Error: FastGeoStreaming Cell Transformer requires 'p.Chaos.EnableAsyncInitBody' to be enabled.
[2026.03.05-01.27.37:539][635]LogFastGeoStreaming: Error: FastGeoStreaming Cell Transformer requires 'p.Chaos.EnableAsyncInitBody' to be enabled.
[2026.03.05-01.27.37:578][635]LogFastGeoStreaming: Error: FastGeoStreaming Cell Transformer requires 'p.Chaos.EnableAsyncInitBody' to be enabled.
[2026.03.05-01.27.37:583][635]LogFastGeoStreaming: Error: FastGeoStreaming Cell Transformer requires 'p.Chaos.EnableAsyncInitBody' to be enabled.
[2026.03.05-01.27.37:583][635]LogFastGeoStreaming: Error: FastGeoStreaming Cell Transformer requires 'p.Chaos.EnableAsyncInitBody' to be enabled.
[2026.03.05-01.27.37:584][635]LogFastGeoStreaming: Error: FastGeoStreaming Cell Transformer requires 'p.Chaos.EnableAsyncInitBody' to be enabled.
[2026.03.05-01.27.37:586][635]LogFastGeoStreaming: Error: FastGeoStreaming Cell Transformer requires 'p.Chaos.EnableAsyncInitBody' to be enabled.
[2026.03.05-01.27.37:595][635]LogFastGeoStreaming: Error: FastGeoStreaming Cell Transformer requires 'p.Chaos.EnableAsyncInitBody' to be enabled.
[2026.03.05-01.27.37:599][635]LogFastGeoStreaming: Error: FastGeoStreaming Cell Transformer requires 'p.Chaos.EnableAsyncInitBody' to be enabled.
[2026.03.05-01.27.37:600][635]LogFastGeoStreaming: Error: FastGeoStreaming Cell Transformer requires 'p.Chaos.EnableAsyncInitBody' to be enabled.
[2026.03.05-01.27.37:603][635]LogFastGeoStreaming: Error: FastGeoStreaming Cell Transformer requires 'p.Chaos.EnableAsyncInitBody' to be enabled.
[2026.03.05-01.27.37:604][635]LogFastGeoStreaming: Error: FastGeoStreaming Cell Transformer requires 'p.Chaos.EnableAsyncInitBody' to be enabled.
[2026.03.05-01.27.37:607][635]LogFastGeoStreaming: Error: FastGeoStreaming Cell Transformer requires 'p.Chaos.EnableAsyncInitBody' to be enabled.
[2026.03.05-01.27.37:607][635]LogFastGeoStreaming: Error: FastGeoStreaming Cell Transformer requires 'p.Chaos.EnableAsyncInitBody' to be enabled.
[2026.03.05-01.27.37:610][635]LogFastGeoStreaming: Error: FastGeoStreaming Cell Transformer requires 'p.Chaos.EnableAsyncInitBody' to be enabled.
[2026.03.05-01.27.37:610][635]LogFastGeoStreaming: Error: FastGeoStreaming Cell Transformer requires 'p.Chaos.EnableAsyncInitBody' to be enabled.
[2026.03.05-01.27.37:610][635]LogFastGeoStreaming: Error: FastGeoStreaming Cell Transformer requires 'p.Chaos.EnableAsyncInitBody' to be enabled.
[2026.03.05-01.27.37:610][635]LogFastGeoStreaming: Error: FastGeoStreaming Cell Transformer requires 'p.Chaos.EnableAsyncInitBody' to be enabled.
[2026.03.05-01.27.37:611][635]LogFastGeoStreaming: Error: FastGeoStreaming Cell Transformer requires 'p.Chaos.EnableAsyncInitBody' to be enabled.
[2026.03.05-01.27.47:444][635]LogFastGeoStreaming: Error: FastGeoStreaming Cell Transformer requires 'p.Chaos.EnableAsyncInitBody' to be enabled.
[2026.03.05-01.27.47:445][635]LogFastGeoStreaming: Error: FastGeoStreaming Cell Transformer requires 'p.Chaos.EnableAsyncInitBody' to be enabled.
[2026.03.05-01.27.47:447][635]LogFastGeoStreaming: Error: FastGeoStreaming Cell Transformer requires 'p.Chaos.EnableAsyncInitBody' to be enabled.
[2026.03.05-01.27.47:450][635]LogFastGeoStreaming: Error: FastGeoStreaming Cell Transformer requires 'p.Chaos.EnableAsyncInitBody' to be enabled.
[2026.03.05-01.27.47:458][635]LogFastGeoStreaming: Error: FastGeoStreaming Cell Transformer requires 'p.Chaos.EnableAsyncInitBody' to be enabled.
[2026.03.05-01.27.47:466][635]LogFastGeoStreaming: Error: FastGeoStreaming Cell Transformer requires 'p.Chaos.EnableAsyncInitBody' to be enabled.
[2026.03.05-01.27.47:471][635]LogFastGeoStreaming: Error: FastGeoStreaming Cell Transformer requires 'p.Chaos.EnableAsyncInitBody' to be enabled.
[2026.03.05-01.27.47:472][635]LogFastGeoStreaming: Error: FastGeoStreaming Cell Transformer requires 'p.Chaos.EnableAsyncInitBody' to be enabled.
[2026.03.05-01.27.47:472][635]LogFastGeoStreaming: Error: FastGeoStreaming Cell Transformer requires 'p.Chaos.EnableAsyncInitBody' to be enabled.
[2026.03.05-01.27.47:513][635]LogFastGeoStreaming: Error: FastGeoStreaming Cell Transformer requires 'p.Chaos.EnableAsyncInitBody' to be enabled.
[2026.03.05-01.27.47:534][635]LogFastGeoStreaming: Error: FastGeoStreaming Cell Transformer requires 'p.Chaos.EnableAsyncInitBody' to be enabled.
[2026.03.05-01.27.48:854][635]LogFastGeoStreaming: Error: FastGeoStreaming Cell Transformer requires 'p.Chaos.EnableAsyncInitBody' to be enabled.
[2026.03.05-01.27.48:910][635]LogFastGeoStreaming: Error: FastGeoStreaming Cell Transformer requires 'p.Chaos.EnableAsyncInitBody' to be enabled.
[2026.03.05-01.27.48:932][635]LogFastGeoStreaming: Error: FastGeoStreaming Cell Transformer requires 'p.Chaos.EnableAsyncInitBody' to be enabled.
[2026.03.05-01.27.48:935][635]LogFastGeoStreaming: Error: FastGeoStreaming Cell Transformer requires 'p.Chaos.EnableAsyncInitBody' to be enabled.
[2026.03.05-01.27.48:938][635]LogFastGeoStreaming: Error: FastGeoStreaming Cell Transformer requires 'p.Chaos.EnableAsyncInitBody' to be enabled.
[2026.03.05-01.27.48:941][635]LogFastGeoStreaming: Error: FastGeoStreaming Cell Transformer requires 'p.Chaos.EnableAsyncInitBody' to be enabled.
[2026.03.05-01.27.48:944][635]LogFastGeoStreaming: Error: FastGeoStreaming Cell Transformer requires 'p.Chaos.EnableAsyncInitBody' to be enabled.
[2026.03.05-01.27.49:361][635]LogFastGeoStreaming: Error: FastGeoStreaming Cell Transformer requires 'p.Chaos.EnableAsyncInitBody' to be enabled.
[2026.03.05-01.27.49:362][635]LogFastGeoStreaming: Error: FastGeoStreaming Cell Transformer requires 'p.Chaos.EnableAsyncInitBody' to be enabled.
[2026.03.05-01.27.49:362][635]LogFastGeoStreaming: Error: FastGeoStreaming Cell Transformer requires 'p.Chaos.EnableAsyncInitBody' to be enabled.
[2026.03.05-01.27.49:362][635]LogFastGeoStreaming: Error: FastGeoStreaming Cell Transformer requires 'p.Chaos.EnableAsyncInitBody' to be enabled.
[2026.03.05-01.27.49:362][635]LogFastGeoStreaming: Error: FastGeoStreaming Cell Transformer requires 'p.Chaos.EnableAsyncInitBody' to be enabled.
[2026.03.05-01.27.49:363][635]LogFastGeoStreaming: Error: FastGeoStreaming Cell Transformer requires 'p.Chaos.EnableAsyncInitBody' to be enabled.
[2026.03.05-01.27.49:364][635]LogFastGeoStreaming: Error: FastGeoStreaming Cell Transformer requires 'p.Chaos.EnableAsyncInitBody' to be enabled.
[2026.03.05-01.27.49:364][635]LogFastGeoStreaming: Error: FastGeoStreaming Cell Transformer requires 'p.Chaos.EnableAsyncInitBody' to be enabled.
[2026.03.05-01.27.52:163][635]LogFastGeoStreaming: Error: FastGeoStreaming Cell Transformer requires 'p.Chaos.EnableAsyncInitBody' to be enabled.
[2026.03.05-01.27.52:165][635]LogFastGeoStreaming: Error: FastGeoStreaming Cell Transformer requires 'p.Chaos.EnableAsyncInitBody' to be enabled.
[2026.03.05-01.27.53:194][635]LogFastGeoStreaming: Error: FastGeoStreaming Cell Transformer requires 'p.Chaos.EnableAsyncInitBody' to be enabled.
[2026.03.05-01.27.53:214][635]LogFastGeoStreaming: Error: FastGeoStreaming Cell Transformer requires 'p.Chaos.EnableAsyncInitBody' to be enabled.
[2026.03.05-01.27.53:215][635]LogFastGeoStreaming: Error: FastGeoStreaming Cell Transformer requires 'p.Chaos.EnableAsyncInitBody' to be enabled.
[2026.03.05-01.27.53:216][635]LogFastGeoStreaming: Error: FastGeoStreaming Cell Transformer requires 'p.Chaos.EnableAsyncInitBody' to be enabled.
[2026.03.05-01.27.53:216][635]LogFastGeoStreaming: Error: FastGeoStreaming Cell Transformer requires 'p.Chaos.EnableAsyncInitBody' to be enabled.
[2026.03.05-01.27.53:766][635]LogFastGeoStreaming: Error: FastGeoStreaming Cell Transformer requires 'p.Chaos.EnableAsyncInitBody' to be enabled.
[2026.03.05-01.27.53:778][635]LogFastGeoStreaming: Error: FastGeoStreaming Cell Transformer requires 'p.Chaos.EnableAsyncInitBody' to be enabled.
[2026.03.05-01.27.53:784][635]LogFastGeoStreaming: Error: FastGeoStreaming Cell Transformer requires 'p.Chaos.EnableAsyncInitBody' to be enabled.
[2026.03.05-01.27.53:786][635]LogFastGeoStreaming: Error: FastGeoStreaming Cell Transformer requires 'p.Chaos.EnableAsyncInitBody' to be enabled.
[2026.03.05-01.27.53:792][635]LogFastGeoStreaming: Error: FastGeoStreaming Cell Transformer requires 'p.Chaos.EnableAsyncInitBody' to be enabled.
[2026.03.05-01.27.54:091][635]LogFastGeoStreaming: Error: FastGeoStreaming Cell Transformer requires 'p.Chaos.EnableAsyncInitBody' to be enabled.
[2026.03.05-01.27.54:214][635]LogFastGeoStreaming: Error: FastGeoStreaming Cell Transformer requires 'p.Chaos.EnableAsyncInitBody' to be enabled.
[2026.03.05-01.27.54:216][635]LogFastGeoStreaming: Error: FastGeoStreaming Cell Transformer requires 'p.Chaos.EnableAsyncInitBody' to be enabled.
[2026.03.05-01.27.54:306][635]LogFastGeoStreaming: Error: FastGeoStreaming Cell Transformer requires 'p.Chaos.EnableAsyncInitBody' to be enabled.
[2026.03.05-01.27.54:550][635]LogFastGeoStreaming: Error: FastGeoStreaming Cell Transformer requires 'p.Chaos.EnableAsyncInitBody' to be enabled.
[2026.03.05-01.27.54:557][635]LogFastGeoStreaming: Error: FastGeoStreaming Cell Transformer requires 'p.Chaos.EnableAsyncInitBody' to be enabled.
[2026.03.05-01.27.54:685][635]LogFastGeoStreaming: Error: FastGeoStreaming Cell Transformer requires 'p.Chaos.EnableAsyncInitBody' to be enabled.
[2026.03.05-01.27.54:852][635]LogFastGeoStreaming: Error: FastGeoStreaming Cell Transformer requires 'p.Chaos.EnableAsyncInitBody' to be enabled.
[2026.03.05-01.27.54:908][635]LogFastGeoStreaming: Error: FastGeoStreaming Cell Transformer requires 'p.Chaos.EnableAsyncInitBody' to be enabled.
[2026.03.05-01.27.54:909][635]LogFastGeoStreaming: Error: FastGeoStreaming Cell Transformer requires 'p.Chaos.EnableAsyncInitBody' to be enabled.
[2026.03.05-01.27.54:913][635]LogFastGeoStreaming: Error: FastGeoStreaming Cell Transformer requires 'p.Chaos.EnableAsyncInitBody' to be enabled.
[2026.03.05-01.27.54:917][635]LogFastGeoStreaming: Error: FastGeoStreaming Cell Transformer requires 'p.Chaos.EnableAsyncInitBody' to be enabled.
[2026.03.05-01.27.54:931][635]LogFastGeoStreaming: Error: FastGeoStreaming Cell Transformer requires 'p.Chaos.EnableAsyncInitBody' to be enabled.
[2026.03.05-01.27.54:946][635]LogFastGeoStreaming: Error: FastGeoStreaming Cell Transformer requires 'p.Chaos.EnableAsyncInitBody' to be enabled.
[2026.03.05-01.27.54:976][635]LogFastGeoStreaming: Error: FastGeoStreaming Cell Transformer requires 'p.Chaos.EnableAsyncInitBody' to be enabled.
[2026.03.05-01.27.55:013][635]LogFastGeoStreaming: Error: FastGeoStreaming Cell Transformer requires 'p.Chaos.EnableAsyncInitBody' to be enabled.
[2026.03.05-01.27.55:014][635]LogFastGeoStreaming: Error: FastGeoStreaming Cell Transformer requires 'p.Chaos.EnableAsyncInitBody' to be enabled.
[2026.03.05-01.27.55:024][635]LogFastGeoStreaming: Error: FastGeoStreaming Cell Transformer requires 'p.Chaos.EnableAsyncInitBody' to be enabled.
[2026.03.05-01.27.55:040][635]LogFastGeoStreaming: Error: FastGeoStreaming Cell Transformer requires 'p.Chaos.EnableAsyncInitBody' to be enabled.
[2026.03.05-01.27.55:223][635]LogFastGeoStreaming: Error: FastGeoStreaming Cell Transformer requires 'p.Chaos.EnableAsyncInitBody' to be enabled.
[2026.03.05-01.27.55:252][635]LogFastGeoStreaming: Error: FastGeoStreaming Cell Transformer requires 'p.Chaos.EnableAsyncInitBody' to be enabled.
[2026.03.05-01.27.55:257][635]LogFastGeoStreaming: Error: FastGeoStreaming Cell Transformer requires 'p.Chaos.EnableAsyncInitBody' to be enabled.
[2026.03.05-01.27.55:392][635]LogFastGeoStreaming: Error: FastGeoStreaming Cell Transformer requires 'p.Chaos.EnableAsyncInitBody' to be enabled.
[2026.03.05-01.27.55:517][635]LogFastGeoStreaming: Error: FastGeoStreaming Cell Transformer requires 'p.Chaos.EnableAsyncInitBody' to be enabled.
[2026.03.05-01.27.55:538][635]LogFastGeoStreaming: Error: FastGeoStreaming Cell Transformer requires 'p.Chaos.EnableAsyncInitBody' to be enabled.
[2026.03.05-01.27.55:559][635]LogFastGeoStreaming: Error: FastGeoStreaming Cell Transformer requires 'p.Chaos.EnableAsyncInitBody' to be enabled.
[2026.03.05-01.27.55:578][635]LogFastGeoStreaming: Error: FastGeoStreaming Cell Transformer requires 'p.Chaos.EnableAsyncInitBody' to be enabled.
[2026.03.05-01.27.55:599][635]LogFastGeoStreaming: Error: FastGeoStreaming Cell Transformer requires 'p.Chaos.EnableAsyncInitBody' to be enabled.
[2026.03.05-01.27.55:630][635]LogFastGeoStreaming: Error: FastGeoStreaming Cell Transformer requires 'p.Chaos.EnableAsyncInitBody' to be enabled.
[2026.03.05-01.27.55:647][635]LogFastGeoStreaming: Error: FastGeoStreaming Cell Transformer requires 'p.Chaos.EnableAsyncInitBody' to be enabled.
[2026.03.05-01.27.55:671][635]LogFastGeoStreaming: Error: FastGeoStreaming Cell Transformer requires 'p.Chaos.EnableAsyncInitBody' to be enabled.
[2026.03.05-01.27.55:671][635]LogFastGeoStreaming: Error: FastGeoStreaming Cell Transformer requires 'p.Chaos.EnableAsyncInitBody' to be enabled.
[2026.03.05-01.27.55:685][635]LogFastGeoStreaming: Error: FastGeoStreaming Cell Transformer requires 'p.Chaos.EnableAsyncInitBody' to be enabled.
[2026.03.05-01.27.55:701][635]LogFastGeoStreaming: Error: FastGeoStreaming Cell Transformer requires 'p.Chaos.EnableAsyncInitBody' to be enabled.
[2026.03.05-01.27.55:706][635]LogFastGeoStreaming: Error: FastGeoStreaming Cell Transformer requires 'p.Chaos.EnableAsyncInitBody' to be enabled.
[2026.03.05-01.27.55:710][635]LogFastGeoStreaming: Error: FastGeoStreaming Cell Transformer requires 'p.Chaos.EnableAsyncInitBody' to be enabled.
[2026.03.05-01.27.55:715][635]LogFastGeoStreaming: Error: FastGeoStreaming Cell Transformer requires 'p.Chaos.EnableAsyncInitBody' to be enabled.
[2026.03.05-01.27.55:720][635]LogFastGeoStreaming: Error: FastGeoStreaming Cell Transformer requires 'p.Chaos.EnableAsyncInitBody' to be enabled.
[2026.03.05-01.27.55:725][635]LogFastGeoStreaming: Error: FastGeoStreaming Cell Transformer requires 'p.Chaos.EnableAsyncInitBody' to be enabled.
[2026.03.05-01.27.55:729][635]LogFastGeoStreaming: Error: FastGeoStreaming Cell Transformer requires 'p.Chaos.EnableAsyncInitBody' to be enabled.
[2026.03.05-01.27.55:734][635]LogFastGeoStreaming: Error: FastGeoStreaming Cell Transformer requires 'p.Chaos.EnableAsyncInitBody' to be enabled.
[2026.03.05-01.27.55:739][635]LogFastGeoStreaming: Error: FastGeoStreaming Cell Transformer requires 'p.Chaos.EnableAsyncInitBody' to be enabled.
[2026.03.05-01.27.55:744][635]LogFastGeoStreaming: Error: FastGeoStreaming Cell Transformer requires 'p.Chaos.EnableAsyncInitBody' to be enabled.
[2026.03.05-01.27.55:749][635]LogFastGeoStreaming: Error: FastGeoStreaming Cell Transformer requires 'p.Chaos.EnableAsyncInitBody' to be enabled.
[2026.03.05-01.27.55:753][635]LogFastGeoStreaming: Error: FastGeoStreaming Cell Transformer requires 'p.Chaos.EnableAsyncInitBody' to be enabled.
[2026.03.05-01.27.55:758][635]LogFastGeoStreaming: Error: FastGeoStreaming Cell Transformer requires 'p.Chaos.EnableAsyncInitBody' to be enabled.
[2026.03.05-01.27.55:762][635]LogFastGeoStreaming: Error: FastGeoStreaming Cell Transformer requires 'p.Chaos.EnableAsyncInitBody' to be enabled.
[2026.03.05-01.27.55:767][635]LogFastGeoStreaming: Error: FastGeoStreaming Cell Transformer requires 'p.Chaos.EnableAsyncInitBody' to be enabled.
[2026.03.05-01.27.55:772][635]LogFastGeoStreaming: Error: FastGeoStreaming Cell Transformer requires 'p.Chaos.EnableAsyncInitBody' to be enabled.
[2026.03.05-01.27.55:776][635]LogFastGeoStreaming: Error: FastGeoStreaming Cell Transformer requires 'p.Chaos.EnableAsyncInitBody' to be enabled.
[2026.03.05-01.27.55:781][635]LogFastGeoStreaming: Error: FastGeoStreaming Cell Transformer requires 'p.Chaos.EnableAsyncInitBody' to be enabled.
[2026.03.05-01.27.55:785][635]LogFastGeoStreaming: Error: FastGeoStreaming Cell Transformer requires 'p.Chaos.EnableAsyncInitBody' to be enabled.
[2026.03.05-01.27.55:790][635]LogFastGeoStreaming: Error: FastGeoStreaming Cell Transformer requires 'p.Chaos.EnableAsyncInitBody' to be enabled.
[2026.03.05-01.27.55:794][635]LogFastGeoStreaming: Error: FastGeoStreaming Cell Transformer requires 'p.Chaos.EnableAsyncInitBody' to be enabled.
[2026.03.05-01.27.55:799][635]LogFastGeoStreaming: Error: FastGeoStreaming Cell Transformer requires 'p.Chaos.EnableAsyncInitBody' to be enabled.
[2026.03.05-01.27.55:804][635]LogFastGeoStreaming: Error: FastGeoStreaming Cell Transformer requires 'p.Chaos.EnableAsyncInitBody' to be enabled.
[2026.03.05-01.27.55:809][635]LogFastGeoStreaming: Error: FastGeoStreaming Cell Transformer requires 'p.Chaos.EnableAsyncInitBody' to be enabled.
[2026.03.05-01.27.55:814][635]LogFastGeoStreaming: Error: FastGeoStreaming Cell Transformer requires 'p.Chaos.EnableAsyncInitBody' to be enabled.
[2026.03.05-01.27.55:819][635]LogFastGeoStreaming: Error: FastGeoStreaming Cell Transformer requires 'p.Chaos.EnableAsyncInitBody' to be enabled.
[2026.03.05-01.27.55:824][635]LogFastGeoStreaming: Error: FastGeoStreaming Cell Transformer requires 'p.Chaos.EnableAsyncInitBody' to be enabled.
[2026.03.05-01.27.55:830][635]LogFastGeoStreaming: Error: FastGeoStreaming Cell Transformer requires 'p.Chaos.EnableAsyncInitBody' to be enabled.
[2026.03.05-01.27.55:835][635]LogFastGeoStreaming: Error: FastGeoStreaming Cell Transformer requires 'p.Chaos.EnableAsyncInitBody' to be enabled.
[2026.03.05-01.27.55:892][635]LogFastGeoStreaming: Error: FastGeoStreaming Cell Transformer requires 'p.Chaos.EnableAsyncInitBody' to be enabled.
[2026.03.05-01.27.55:911][635]LogFastGeoStreaming: Error: FastGeoStreaming Cell Transformer requires 'p.Chaos.EnableAsyncInitBody' to be enabled.
[2026.03.05-01.27.55:937][635]LogFastGeoStreaming: Error: FastGeoStreaming Cell Transformer requires 'p.Chaos.EnableAsyncInitBody' to be enabled.
[2026.03.05-01.27.55:956][635]LogFastGeoStreaming: Error: FastGeoStreaming Cell Transformer requires 'p.Chaos.EnableAsyncInitBody' to be enabled.
[2026.03.05-01.27.55:974][635]LogFastGeoStreaming: Error: FastGeoStreaming Cell Transformer requires 'p.Chaos.EnableAsyncInitBody' to be enabled.
[2026.03.05-01.27.55:992][635]LogFastGeoStreaming: Error: FastGeoStreaming Cell Transformer requires 'p.Chaos.EnableAsyncInitBody' to be enabled.
[2026.03.05-01.27.56:011][635]LogFastGeoStreaming: Error: FastGeoStreaming Cell Transformer requires 'p.Chaos.EnableAsyncInitBody' to be enabled.
[2026.03.05-01.27.56:030][635]LogFastGeoStreaming: Error: FastGeoStreaming Cell Transformer requires 'p.Chaos.EnableAsyncInitBody' to be enabled.
[2026.03.05-01.27.56:049][635]LogFastGeoStreaming: Error: FastGeoStreaming Cell Transformer requires 'p.Chaos.EnableAsyncInitBody' to be enabled.
[2026.03.05-01.27.56:066][635]LogFastGeoStreaming: Error: FastGeoStreaming Cell Transformer requires 'p.Chaos.EnableAsyncInitBody' to be enabled.
[2026.03.05-01.27.56:085][635]LogFastGeoStreaming: Error: FastGeoStreaming Cell Transformer requires 'p.Chaos.EnableAsyncInitBody' to be enabled.
[2026.03.05-01.27.56:103][635]LogFastGeoStreaming: Error: FastGeoStreaming Cell Transformer requires 'p.Chaos.EnableAsyncInitBody' to be enabled.
[2026.03.05-01.27.56:128][635]LogFastGeoStreaming: Error: FastGeoStreaming Cell Transformer requires 'p.Chaos.EnableAsyncInitBody' to be enabled.
[2026.03.05-01.27.56:146][635]LogFastGeoStreaming: Error: FastGeoStreaming Cell Transformer requires 'p.Chaos.EnableAsyncInitBody' to be enabled.
[2026.03.05-01.27.56:165][635]LogFastGeoStreaming: Error: FastGeoStreaming Cell Transformer requires 'p.Chaos.EnableAsyncInitBody' to be enabled.
[2026.03.05-01.27.56:184][635]LogFastGeoStreaming: Error: FastGeoStreaming Cell Transformer requires 'p.Chaos.EnableAsyncInitBody' to be enabled.
[2026.03.05-01.27.56:202][635]LogFastGeoStreaming: Error: FastGeoStreaming Cell Transformer requires 'p.Chaos.EnableAsyncInitBody' to be enabled.
[2026.03.05-01.27.56:220][635]LogFastGeoStreaming: Error: FastGeoStreaming Cell Transformer requires 'p.Chaos.EnableAsyncInitBody' to be enabled.
[2026.03.05-01.27.56:238][635]LogFastGeoStreaming: Error: FastGeoStreaming Cell Transformer requires 'p.Chaos.EnableAsyncInitBody' to be enabled.
[2026.03.05-01.27.56:257][635]LogFastGeoStreaming: Error: FastGeoStreaming Cell Transformer requires 'p.Chaos.EnableAsyncInitBody' to be enabled.
[2026.03.05-01.27.56:276][635]LogFastGeoStreaming: Error: FastGeoStreaming Cell Transformer requires 'p.Chaos.EnableAsyncInitBody' to be enabled.
[2026.03.05-01.27.56:294][635]LogFastGeoStreaming: Error: FastGeoStreaming Cell Transformer requires 'p.Chaos.EnableAsyncInitBody' to be enabled.
[2026.03.05-01.27.56:313][635]LogFastGeoStreaming: Error: FastGeoStreaming Cell Transformer requires 'p.Chaos.EnableAsyncInitBody' to be enabled.
[2026.03.05-01.27.56:333][635]LogFastGeoStreaming: Error: FastGeoStreaming Cell Transformer requires 'p.Chaos.EnableAsyncInitBody' to be enabled.
[2026.03.05-01.27.56:352][635]LogFastGeoStreaming: Error: FastGeoStreaming Cell Transformer requires 'p.Chaos.EnableAsyncInitBody' to be enabled.
[2026.03.05-01.27.56:371][635]LogFastGeoStreaming: Error: FastGeoStreaming Cell Transformer requires 'p.Chaos.EnableAsyncInitBody' to be enabled.
[2026.03.05-01.27.56:394][635]LogFastGeoStreaming: Error: FastGeoStreaming Cell Transformer requires 'p.Chaos.EnableAsyncInitBody' to be enabled.
[2026.03.05-01.27.56:414][635]LogFastGeoStreaming: Error: FastGeoStreaming Cell Transformer requires 'p.Chaos.EnableAsyncInitBody' to be enabled.
[2026.03.05-01.27.56:434][635]LogFastGeoStreaming: Error: FastGeoStreaming Cell Transformer requires 'p.Chaos.EnableAsyncInitBody' to be enabled.
[2026.03.05-01.27.56:453][635]LogFastGeoStreaming: Error: FastGeoStreaming Cell Transformer requires 'p.Chaos.EnableAsyncInitBody' to be enabled.
[2026.03.05-01.27.56:473][635]LogFastGeoStreaming: Error: FastGeoStreaming Cell Transformer requires 'p.Chaos.EnableAsyncInitBody' to be enabled.
[2026.03.05-01.27.56:492][635]LogFastGeoStreaming: Error: FastGeoStreaming Cell Transformer requires 'p.Chaos.EnableAsyncInitBody' to be enabled.
[2026.03.05-01.27.56:510][635]LogFastGeoStreaming: Error: FastGeoStreaming Cell Transformer requires 'p.Chaos.EnableAsyncInitBody' to be enabled.
[2026.03.05-01.27.56:529][635]LogFastGeoStreaming: Error: FastGeoStreaming Cell Transformer requires 'p.Chaos.EnableAsyncInitBody' to be enabled.
[2026.03.05-01.27.56:551][635]LogFastGeoStreaming: Error: FastGeoStreaming Cell Transformer requires 'p.Chaos.EnableAsyncInitBody' to be enabled.
[2026.03.05-01.27.56:570][635]LogFastGeoStreaming: Error: FastGeoStreaming Cell Transformer requires 'p.Chaos.EnableAsyncInitBody' to be enabled.
[2026.03.05-01.27.56:590][635]LogFastGeoStreaming: Error: FastGeoStreaming Cell Transformer requires 'p.Chaos.EnableAsyncInitBody' to be enabled.
[2026.03.05-01.27.56:608][635]LogFastGeoStreaming: Error: FastGeoStreaming Cell Transformer requires 'p.Chaos.EnableAsyncInitBody' to be enabled.
[2026.03.05-01.27.56:627][635]LogFastGeoStreaming: Error: FastGeoStreaming Cell Transformer requires 'p.Chaos.EnableAsyncInitBody' to be enabled.
[2026.03.05-01.27.56:714][635]LogFastGeoStreaming: Error: FastGeoStreaming Cell Transformer requires 'p.Chaos.EnableAsyncInitBody' to be enabled.
[2026.03.05-01.27.56:822][635]LogFastGeoStreaming: Error: FastGeoStreaming Cell Transformer requires 'p.Chaos.EnableAsyncInitBody' to be enabled.
[2026.03.05-01.27.56:937][635]LogFastGeoStreaming: Error: FastGeoStreaming Cell Transformer requires 'p.Chaos.EnableAsyncInitBody' to be enabled.
[2026.03.05-01.27.57:048][635]LogFastGeoStreaming: Error: FastGeoStreaming Cell Transformer requires 'p.Chaos.EnableAsyncInitBody' to be enabled.
[2026.03.05-01.27.57:529][635]LogFastGeoStreaming: Error: FastGeoStreaming Cell Transformer requires 'p.Chaos.EnableAsyncInitBody' to be enabled.
[2026.03.05-01.27.57:604][635]LogFastGeoStreaming: Error: FastGeoStreaming Cell Transformer requires 'p.Chaos.EnableAsyncInitBody' to be enabled.
[2026.03.05-01.27.57:681][635]LogFastGeoStreaming: Error: FastGeoStreaming Cell Transformer requires 'p.Chaos.EnableAsyncInitBody' to be enabled.
[2026.03.05-01.27.57:756][635]LogFastGeoStreaming: Error: FastGeoStreaming Cell Transformer requires 'p.Chaos.EnableAsyncInitBody' to be enabled.
[2026.03.05-01.27.57:832][635]LogFastGeoStreaming: Error: FastGeoStreaming Cell Transformer requires 'p.Chaos.EnableAsyncInitBody' to be enabled.
[2026.03.05-01.27.57:901][635]LogFastGeoStreaming: Error: FastGeoStreaming Cell Transformer requires 'p.Chaos.EnableAsyncInitBody' to be enabled.
[2026.03.05-01.27.57:977][635]LogFastGeoStreaming: Error: FastGeoStreaming Cell Transformer requires 'p.Chaos.EnableAsyncInitBody' to be enabled.
[2026.03.05-01.27.58:056][635]LogFastGeoStreaming: Error: FastGeoStreaming Cell Transformer requires 'p.Chaos.EnableAsyncInitBody' to be enabled.
[2026.03.05-01.27.58:128][635]LogFastGeoStreaming: Error: FastGeoStreaming Cell Transformer requires 'p.Chaos.EnableAsyncInitBody' to be enabled.
[2026.03.05-01.27.58:199][635]LogFastGeoStreaming: Error: FastGeoStreaming Cell Transformer requires 'p.Chaos.EnableAsyncInitBody' to be enabled.
[2026.03.05-01.27.58:271][635]LogFastGeoStreaming: Error: FastGeoStreaming Cell Transformer requires 'p.Chaos.EnableAsyncInitBody' to be enabled.
[2026.03.05-01.27.58:347][635]LogFastGeoStreaming: Error: FastGeoStreaming Cell Transformer requires 'p.Chaos.EnableAsyncInitBody' to be enabled.
[2026.03.05-01.27.58:429][635]LogFastGeoStreaming: Error: FastGeoStreaming Cell Transformer requires 'p.Chaos.EnableAsyncInitBody' to be enabled.
[2026.03.05-01.27.58:504][635]LogFastGeoStreaming: Error: FastGeoStreaming Cell Transformer requires 'p.Chaos.EnableAsyncInitBody' to be enabled.
[2026.03.05-01.27.58:578][635]LogFastGeoStreaming: Error: FastGeoStreaming Cell Transformer requires 'p.Chaos.EnableAsyncInitBody' to be enabled.
[2026.03.05-01.27.58:652][635]LogFastGeoStreaming: Error: FastGeoStreaming Cell Transformer requires 'p.Chaos.EnableAsyncInitBody' to be enabled.
[2026.03.05-01.27.58:735][635]LogFastGeoStreaming: Error: FastGeoStreaming Cell Transformer requires 'p.Chaos.EnableAsyncInitBody' to be enabled.
[2026.03.05-01.27.58:817][635]LogFastGeoStreaming: Error: FastGeoStreaming Cell Transformer requires 'p.Chaos.EnableAsyncInitBody' to be enabled.
[2026.03.05-01.27.58:892][635]LogFastGeoStreaming: Error: FastGeoStreaming Cell Transformer requires 'p.Chaos.EnableAsyncInitBody' to be enabled.
[2026.03.05-01.27.58:962][635]LogFastGeoStreaming: Error: FastGeoStreaming Cell Transformer requires 'p.Chaos.EnableAsyncInitBody' to be enabled.
[2026.03.05-01.27.59:032][635]LogFastGeoStreaming: Error: FastGeoStreaming Cell Transformer requires 'p.Chaos.EnableAsyncInitBody' to be enabled.
[2026.03.05-01.27.59:101][635]LogFastGeoStreaming: Error: FastGeoStreaming Cell Transformer requires 'p.Chaos.EnableAsyncInitBody' to be enabled.
[2026.03.05-01.27.59:169][635]LogFastGeoStreaming: Error: FastGeoStreaming Cell Transformer requires 'p.Chaos.EnableAsyncInitBody' to be enabled.
[2026.03.05-01.27.59:241][635]LogFastGeoStreaming: Error: FastGeoStreaming Cell Transformer requires 'p.Chaos.EnableAsyncInitBody' to be enabled.
[2026.03.05-01.27.59:313][635]LogFastGeoStreaming: Error: FastGeoStreaming Cell Transformer requires 'p.Chaos.EnableAsyncInitBody' to be enabled.
[2026.03.05-01.27.59:380][635]LogFastGeoStreaming: Error: FastGeoStreaming Cell Transformer requires 'p.Chaos.EnableAsyncInitBody' to be enabled.
[2026.03.05-01.27.59:452][635]LogFastGeoStreaming: Error: FastGeoStreaming Cell Transformer requires 'p.Chaos.EnableAsyncInitBody' to be enabled.
[2026.03.05-01.27.59:523][635]LogFastGeoStreaming: Error: FastGeoStreaming Cell Transformer requires 'p.Chaos.EnableAsyncInitBody' to be enabled.
[2026.03.05-01.27.59:590][635]LogFastGeoStreaming: Error: FastGeoStreaming Cell Transformer requires 'p.Chaos.EnableAsyncInitBody' to be enabled.
[2026.03.05-01.27.59:662][635]LogFastGeoStreaming: Error: FastGeoStreaming Cell Transformer requires 'p.Chaos.EnableAsyncInitBody' to be enabled.
[2026.03.05-01.27.59:746][635]LogFastGeoStreaming: Error: FastGeoStreaming Cell Transformer requires 'p.Chaos.EnableAsyncInitBody' to be enabled.
[2026.03.05-01.27.59:813][635]LogFastGeoStreaming: Error: FastGeoStreaming Cell Transformer requires 'p.Chaos.EnableAsyncInitBody' to be enabled.
[2026.03.05-01.27.59:910][635]LogFastGeoStreaming: Error: FastGeoStreaming Cell Transformer requires 'p.Chaos.EnableAsyncInitBody' to be enabled.
[2026.03.05-01.27.59:978][635]LogFastGeoStreaming: Error: FastGeoStreaming Cell Transformer requires 'p.Chaos.EnableAsyncInitBody' to be enabled.
[2026.03.05-01.28.00:046][635]LogFastGeoStreaming: Error: FastGeoStreaming Cell Transformer requires 'p.Chaos.EnableAsyncInitBody' to be enabled.
[2026.03.05-01.28.00:112][635]LogFastGeoStreaming: Error: FastGeoStreaming Cell Transformer requires 'p.Chaos.EnableAsyncInitBody' to be enabled.
[2026.03.05-01.28.00:182][635]LogFastGeoStreaming: Error: FastGeoStreaming Cell Transformer requires 'p.Chaos.EnableAsyncInitBody' to be enabled.
[2026.03.05-01.28.00:254][635]LogFastGeoStreaming: Error: FastGeoStreaming Cell Transformer requires 'p.Chaos.EnableAsyncInitBody' to be enabled.
[2026.03.05-01.28.00:322][635]LogFastGeoStreaming: Error: FastGeoStreaming Cell Transformer requires 'p.Chaos.EnableAsyncInitBody' to be enabled.
[2026.03.05-01.28.00:323][635]LogFastGeoStreaming: Error: FastGeoStreaming Cell Transformer requires 'p.Chaos.EnableAsyncInitBody' to be enabled.
[2026.03.05-01.28.00:329][635]LogFastGeoStreaming: Error: FastGeoStreaming Cell Transformer requires 'p.Chaos.EnableAsyncInitBody' to be enabled.
[2026.03.05-01.28.00:329][635]LogFastGeoStreaming: Error: FastGeoStreaming Cell Transformer requires 'p.Chaos.EnableAsyncInitBody' to be enabled.
[2026.03.05-01.28.00:395][635]LogFastGeoStreaming: Error: FastGeoStreaming Cell Transformer requires 'p.Chaos.EnableAsyncInitBody' to be enabled.
[2026.03.05-01.28.00:420][635]LogFastGeoStreaming: Error: FastGeoStreaming Cell Transformer requires 'p.Chaos.EnableAsyncInitBody' to be enabled.
[2026.03.05-01.28.00:420][635]LogFastGeoStreaming: Error: FastGeoStreaming Cell Transformer requires 'p.Chaos.EnableAsyncInitBody' to be enabled.
[2026.03.05-01.28.00:475][635]LogFastGeoStreaming: Error: FastGeoStreaming Cell Transformer requires 'p.Chaos.EnableAsyncInitBody' to be enabled.
[2026.03.05-01.28.00:560][635]LogFastGeoStreaming: Error: FastGeoStreaming Cell Transformer requires 'p.Chaos.EnableAsyncInitBody' to be enabled.
[2026.03.05-01.28.00:567][635]LogFastGeoStreaming: Error: FastGeoStreaming Cell Transformer requires 'p.Chaos.EnableAsyncInitBody' to be enabled.
[2026.03.05-01.28.00:567][635]LogFastGeoStreaming: Error: FastGeoStreaming Cell Transformer requires 'p.Chaos.EnableAsyncInitBody' to be enabled.
[2026.03.05-01.28.00:567][635]LogFastGeoStreaming: Error: FastGeoStreaming Cell Transformer requires 'p.Chaos.EnableAsyncInitBody' to be enabled.
[2026.03.05-01.28.02:950][635]LogNiagaraEditor: Error compiling input for set node. - Node: Map Set Pin: Source - 
[2026.03.05-01.28.02:950][635]LogNiagaraEditor: Error compiling input for param map get node. - Node: Map Get Pin: Source - 
[2026.03.05-01.28.02:950][635]LogNiagaraEditor: Error compiling input for set node. - Node: Map Set Pin: InitializeMetaData.CrowdDataTex - 
[2026.03.05-01.28.02:950][635]LogNiagaraEditor: Error compiling Pin - Node: Output Particle Spawn Pin: Out - 
[2026.03.05-01.28.02:950][635]LogNiagaraEditor: Error compiling input on Logic AND node. - Node: Logic AND Pin: A - 
[2026.03.05-01.28.02:950][635]LogNiagaraEditor: Error compiling input on Less Than node. - Node: Less Than Pin: A - 
[2026.03.05-01.28.02:950][635]LogNiagaraEditor: Error compiling input on Less Than node. - Node: Less Than Pin: A - 
[2026.03.05-01.28.02:950][635]LogNiagaraEditor: Error compiling input on Multiply node. - Node: Multiply Pin: A - 
[2026.03.05-01.28.02:951][635]LogNiagaraEditor: Error compiling Pin - Node: Output Function Pin: DistanceFieldIsValid - 
[2026.03.05-01.28.02:951][635]LogNiagaraEditor: Error compiling Pin - Node: Output Function Pin: DistanceToSurface - 
[2026.03.05-01.28.02:951][635]LogNiagaraEditor: Error compiling input on Logic AND node. - Node: Logic AND Pin: A - 
[2026.03.05-01.28.02:951][635]LogNiagaraEditor: Error compiling input on Less Than node. - Node: Less Than Pin: A - 
[2026.03.05-01.28.02:951][635]LogNiagaraEditor: Error compiling input on Less Than node. - Node: Less Than Pin: A - 
[2026.03.05-01.28.02:951][635]LogNiagaraEditor: Error compiling input on Multiply node. - Node: Multiply Pin: A - 
[2026.03.05-01.28.02:951][635]LogNiagaraEditor: Error compiling Pin - Node: Output Function Pin: DistanceFieldIsValid - 
[2026.03.05-01.28.02:951][635]LogNiagaraEditor: Error compiling Pin - Node: Output Function Pin: DistanceToSurface - 
[2026.03.05-01.28.12:570][635]LogFastGeoStreaming: Error: FastGeoStreaming Cell Transformer requires 'p.Chaos.EnableAsyncInitBody' to be enabled.
[2026.03.05-01.28.12:572][635]LogFastGeoStreaming: Error: FastGeoStreaming Cell Transformer requires 'p.Chaos.EnableAsyncInitBody' to be enabled.
[2026.03.05-01.28.12:573][635]LogFastGeoStreaming: Error: FastGeoStreaming Cell Transformer requires 'p.Chaos.EnableAsyncInitBody' to be enabled.
[2026.03.05-01.28.12:580][635]LogFastGeoStreaming: Error: FastGeoStreaming Cell Transformer requires 'p.Chaos.EnableAsyncInitBody' to be enabled.
[2026.03.05-01.28.12:583][635]LogFastGeoStreaming: Error: FastGeoStreaming Cell Transformer requires 'p.Chaos.EnableAsyncInitBody' to be enabled.
[2026.03.05-01.28.12:667][635]Model View Viewmodel: Error: The binding 'Binding: Txt_KeyName_Rebind.Text = FlowAtlasKeyboardControlsViewModel.FocusedKeyDataBusToRemap.PlayerKeyMapping.DisplayName' was not executed. Invalid Source. BindingsAndControls
[2026.03.05-01.28.12:667][635]Model View Viewmodel: Error: The binding 'Binding: IKS_CurrentKey_Rebind.SelectedKey = Convert_KeyToInputChord ( FlowAtlasKeyboardControlsViewModel.FocusedKeyDataBusToRemap.PlayerKeyMapping.CurrentKey )' was not executed. Invalid Source. BindingsAndControls
Error compiling input for set node. - Node: Map Set Pin: Source - 
Error compiling input for param map get node. - Node: Map Get Pin: Source - 
Error compiling input for set node. - Node: Map Set Pin: InitializeMetaData.CrowdDataTex - 
Error compiling Pin - Node: Output Particle Spawn Pin: Out - 
Error compiling input on Logic AND node. - Node: Logic AND Pin: A - 
Error compiling input on Less Than node. - Node: Less Than Pin: A - 
Error compiling input on Less Than node. - Node: Less Than Pin: A - 
Error compiling input on Multiply node. - Node: Multiply Pin: A - 
Error compiling Pin - Node: Output Function Pin: DistanceFieldIsValid - 
Error compiling Pin - Node: Output Function Pin: DistanceToSurface - 
Error compiling input on Logic AND node. - Node: Logic AND Pin: A - 
Error compiling input on Less Than node. - Node: Less Than Pin: A - 
Error compiling input on Less Than node. - Node: Less Than Pin: A - 
Error compiling input on Multiply node. - Node: Multiply Pin: A - 
Error compiling Pin - Node: Output Function Pin: DistanceFieldIsValid - 
Error compiling Pin - Node: Output Function Pin: DistanceToSurface - 
Error compiling input on Logic AND node. - Node: Logic AND Pin: A - 
Error compiling input on Less Than node. - Node: Less Than Pin: A - 
Error compiling input on Less Than node. - Node: Less Than Pin: A - 
Error compiling input on Multiply node. - Node: Multiply Pin: A - 
Error compiling Pin - Node: Output Function Pin: DistanceFieldIsValid - 
Error compiling Pin - Node: Output Function Pin: DistanceToSurface - 
Error compiling input on Logic AND node. - Node: Logic AND Pin: A - 
Error compiling input on Less Than node. - Node: Less Than Pin: A - 
Error compiling input on Less Than node. - Node: Less Than Pin: A - 
Error compiling input on Multiply node. - Node: Multiply Pin: A - 
Error compiling Pin - Node: Output Function Pin: DistanceFieldIsValid - 
Error compiling Pin - Node: Output Function Pin: DistanceToSurface - 
Error compiling input for set node. - Node: Map Set Pin: Source - 
Error compiling input for param map get node. - Node: Map Get Pin: Source - 
Error compiling input for set node. - Node: Map Set Pin: InitializeMetaData.CrowdDataTex - 
Error compiling Pin - Node: Output Particle Spawn Pin: Out - 
Error compiling input on Logic AND node. - Node: Logic AND Pin: A - 
Error compiling input on Less Than node. - Node: Less Than Pin: A - 
Error compiling input on Less Than node. - Node: Less Than Pin: A - 
Error compiling input on Multiply node. - Node: Multiply Pin: A - 
Error compiling Pin - Node: Output Function Pin: DistanceFieldIsValid - 
Error compiling Pin - Node: Output Function Pin: DistanceToSurface - 
Error compiling input on Logic AND node. - Node: Logic AND Pin: A - 
Error compiling input on Less Than node. - Node: Less Than Pin: A - 
Error compiling input on Less Than node. - Node: Less Than Pin: A - 
Error compiling input on Multiply node. - Node: Multiply Pin: A - 
Error compiling Pin - Node: Output Function Pin: DistanceFieldIsValid - 
Error compiling Pin - Node: Output Function Pin: DistanceToSurface - 
Error compiling input for set node. - Node: Map Set Pin: Source - 
Error compiling input for param map get node. - Node: Map Get Pin: Source - 
Error compiling input for set node. - Node: Map Set Pin: InitializeMetaData.CrowdDataTex - 
Error compiling Pin - Node: Output Particle Spawn Pin: Out - 
Error compiling input on Logic AND node. - Node: Logic AND Pin: A - 
Error compiling input on Less Than node. - Node: Less Than Pin: A - 
Error compiling input on Less Than node. - Node: Less Than Pin: A - 
Error compiling input on Multiply node. - Node: Multiply Pin: A - 
Error compiling Pin - Node: Output Function Pin: DistanceFieldIsValid - 
Error compiling Pin - Node: Output Function Pin: DistanceToSurface - 
Error compiling input on Logic AND node. - Node: Logic AND Pin: A - 
Error compiling input on Less Than node. - Node: Less Than Pin: A - 
Error compiling input on Less Than node. - Node: Less Than Pin: A - 
Error compiling input on Multiply node. - Node: Multiply Pin: A - 
Error compiling Pin - Node: Output Function Pin: DistanceFieldIsValid - 
Error compiling Pin - Node: Output Function Pin: DistanceToSurface - 
[2026.03.05-01.28.13:584][635]LogAnnotationToolSubsystem: Error: [Annotation Tool - Events] New Map Loaded: LV_MiamiDemo.
[2026.03.05-01.28.14:592][635]LogOutputDevice: Error: === Handled ensure: ===
[2026.03.05-01.28.14:592][635]LogOutputDevice: Error: 
[2026.03.05-01.28.14:592][635]LogOutputDevice: Error: Ensure condition failed: UE::Private::FMTAccessDetectorOptions::bSuppressCheckFailure  [File:D:\build\++UE5\Sync\Engine\Source\Runtime\Core\Public\Misc\MTAccessDetector.h] [Line: 624] 
[2026.03.05-01.28.14:592][635]LogOutputDevice: Error: Either a race detected (131138 reader(s) on another thread(s) while acquiring write access on the current thread) or the access detector was trivially relocated:
[2026.03.05-01.28.14:592][635]LogOutputDevice: Error: Current thread 23024 callstack:
[2026.03.05-01.28.14:592][635]LogOutputDevice: Error: [Callstack] 0x00007ff9a9fb2897 UnrealEditor-Renderer.dll!FMRSWRecursiveAccessDetector::GetCurrentThreadCallstack() [D:\build\++UE5\Sync\Engine\Source\Runtime\Core\Public\Misc\MTAccessDetector.h:413]
[2026.03.05-01.28.14:592][635]LogOutputDevice: Error: [Callstack] 0x00007ff9ab40f569 UnrealEditor-Renderer.dll!`FMRSWRecursiveAccessDetector::AcquireWriteAccess'::`8'::<lambda_2>::operator()() [D:\build\++UE5\Sync\Engine\Source\Runtime\Core\Public\Misc\MTAccessDetector.h:624]
[2026.03.05-01.28.14:592][635]LogOutputDevice: Error: [Callstack] 0x00007ff9a9fa00b5 UnrealEditor-Renderer.dll!FMRSWRecursiveAccessDetector::AcquireWriteAccess() [D:\build\++UE5\Sync\Engine\Source\Runtime\Core\Public\Misc\MTAccessDetector.h:628]
[2026.03.05-01.28.14:592][635]LogOutputDevice: Error: [Callstack] 0x00007ff9a9fbbc87 UnrealEditor-Renderer.dll!TDelegateAccessHandlerBase<FNotThreadSafeDelegateMode>::GetWriteAccessScope() [D:\build\++UE5\Sync\Engine\Source\Runtime\Core\Public\Delegates\DelegateAccessHandler.h:169]
[2026.03.05-01.28.14:592][635]LogOutputDevice: Error: [Callstack] 0x00007ff9aaa2833b UnrealEditor-Renderer.dll!TMulticastDelegateRegistration<void __cdecl(UCurveBase *,unsigned int),FDefaultDelegateUserPolicy>::Remove() [D:\build\++UE5\Sync\Engine\Source\Runtime\Core\Public\Delegates\DelegateSignatureImpl.inl:1008]
[2026.03.05-01.28.14:592][635]LogOutputDevice: Error: [Callstack] 0x00007ff9aaa28940 UnrealEditor-Renderer.dll!FSceneViewState::SetExposureCompensationCurve() [D:\build\++UE5\Sync\Engine\Source\Runtime\Renderer\Private\PostProcess\PostProcessEyeAdaptation.cpp:729]
[2026.03.05-01.28.14:592][635]LogOutputDevice: Error: [Callstack] 0x00007ff9c26425ee UnrealEditor-Engine.dll!FSceneView::EndFinalPostprocessSettings() [D:\build\++UE5\Sync\Engine\Source\Runtime\Engine\Private\SceneView.cpp:2375]
[2026.03.05-01.28.14:592][635]LogOutputDevice: Error: [Callstack] 0x00007ff9c1d3a204 UnrealEditor-Engine.dll!ULocalPlayer::CalcSceneView() [D:\build\++UE5\Sync\Engine\Source\Runtime\Engine\Private\LocalPlayer.cpp:989]
[2026.03.05-01.28.14:592][635]LogOutputDevice: Error: [Callstack] 0x00007ff9c1a1e90a UnrealEditor-Engine.dll!UGameViewportClient::Draw() [D:\build\++UE5\Sync\Engine\Source\Runtime\Engine\Private\GameViewportClient.cpp:1687]
[2026.03.05-01.28.14:592][635]LogOutputDevice: Error: [Callstack] 0x00007ff9c2c219e5 UnrealEditor-Engine.dll!FViewport::Draw() [D:\build\++UE5\Sync\Engine\Source\Runtime\Engine\Private\UnrealClient.cpp:1798]
[2026.03.05-01.28.14:592][635]LogOutputDevice: Error: [Callstack] 0x00007ff9c19c454c UnrealEditor-Engine.dll!UGameEngine::RedrawViewports() [D:\build\++UE5\Sync\Engine\Source\Runtime\Engine\Private\GameEngine.cpp:789]
[2026.03.05-01.28.14:592][635]LogOutputDevice: Error: [Callstack] 0x00007ff9c30e966b UnrealEditor-Engine.dll!UEngine::LoadMap() [D:\build\++UE5\Sync\Engine\Source\Runtime\Engine\Private\UnrealEngine.cpp:16294]
[2026.03.05-01.28.14:592][635]LogOutputDevice: Error: [Callstack] 0x00007ff9c30a141b UnrealEditor-Engine.dll!UEngine::Browse() [D:\build\++UE5\Sync\Engine\Source\Runtime\Engine\Private\UnrealEngine.cpp:15420]
[2026.03.05-01.28.14:592][635]LogOutputDevice: Error: [Callstack] 0x00007ff9c30ff1bc UnrealEditor-Engine.dll!UEngine::TickWorldTravel() [D:\build\++UE5\Sync\Engine\Source\Runtime\Engine\Private\UnrealEngine.cpp:15618]
[2026.03.05-01.28.14:592][635]LogOutputDevice: Error: [Callstack] 0x00007ff9c19d4344 UnrealEditor-Engine.dll!UGameEngine::Tick() [D:\build\++UE5\Sync\Engine\Source\Runtime\Engine\Private\GameEngine.cpp:1872]
[2026.03.05-01.28.14:592][635]LogOutputDevice: Error: [Callstack] 0x00007ff705034da6 UnrealEditor.exe!FEngineLoop::Tick() [D:\build\++UE5\Sync\Engine\Source\Runtime\Launch\Private\LaunchEngineLoop.cpp:5828]
[2026.03.05-01.28.14:593][635]LogOutputDevice: Error: [Callstack] 0x00007ff705050bfe UnrealEditor.exe!GuardedMain() [D:\build\++UE5\Sync\Engine\Source\Runtime\Launch\Private\Launch.cpp:190]
[2026.03.05-01.28.14:593][635]LogOutputDevice: Error: [Callstack] 0x00007ff705050d0a UnrealEditor.exe!GuardedMainWrapper() [D:\build\++UE5\Sync\Engine\Source\Runtime\Launch\Private\Windows\LaunchWindows.cpp:123]
[2026.03.05-01.28.14:593][635]LogOutputDevice: Error: [Callstack] 0x00007ff705054590 UnrealEditor.exe!LaunchWindowsStartup() [D:\build\++UE5\Sync\Engine\Source\Runtime\Launch\Private\Windows\LaunchWindows.cpp:277]
[2026.03.05-01.28.14:593][635]LogOutputDevice: Error: [Callstack] 0x00007ff705065be4 UnrealEditor.exe!WinMain() [D:\build\++UE5\Sync\Engine\Source\Runtime\Launch\Private\Windows\LaunchWindows.cpp:334]
[2026.03.05-01.28.14:593][635]LogOutputDevice: Error: [Callstack] 0x00007ff705068f9a UnrealEditor.exe!__scrt_common_main_seh() [D:\a\_work\1\s\src\vctools\crt\vcstartup\src\startup\exe_common.inl:288]
[2026.03.05-01.28.14:593][635]LogOutputDevice: Error: [Callstack] 0x00007ffab96fe8d7 KERNEL32.DLL!UnknownFunction []
[2026.03.05-01.28.14:593][635]LogOutputDevice: Error: [Callstack] 0x00007ffabad0c40c ntdll.dll!UnknownFunction []
[2026.03.05-01.28.14:593][635]LogOutputDevice: Error: 
[2026.03.05-01.28.14:593][635]LogOutputDevice: Error: Stack: 
[2026.03.05-01.28.14:593][635]LogOutputDevice: Error: [Callstack] 0x00007ff9ab40f5b4 UnrealEditor-Renderer.dll!`FMRSWRecursiveAccessDetector::AcquireWriteAccess'::`8'::<lambda_2>::operator()() [D:\build\++UE5\Sync\Engine\Source\Runtime\Core\Public\Misc\MTAccessDetector.h:624]
[2026.03.05-01.28.14:593][635]LogOutputDevice: Error: [Callstack] 0x00007ff9a9fa00b5 UnrealEditor-Renderer.dll!FMRSWRecursiveAccessDetector::AcquireWriteAccess() [D:\build\++UE5\Sync\Engine\Source\Runtime\Core\Public\Misc\MTAccessDetector.h:628]
[2026.03.05-01.28.14:593][635]LogOutputDevice: Error: [Callstack] 0x00007ff9a9fbbc87 UnrealEditor-Renderer.dll!TDelegateAccessHandlerBase<FNotThreadSafeDelegateMode>::GetWriteAccessScope() [D:\build\++UE5\Sync\Engine\Source\Runtime\Core\Public\Delegates\DelegateAccessHandler.h:169]
[2026.03.05-01.28.14:593][635]LogOutputDevice: Error: [Callstack] 0x00007ff9aaa2833b UnrealEditor-Renderer.dll!TMulticastDelegateRegistration<void __cdecl(UCurveBase *,unsigned int),FDefaultDelegateUserPolicy>::Remove() [D:\build\++UE5\Sync\Engine\Source\Runtime\Core\Public\Delegates\DelegateSignatureImpl.inl:1008]
[2026.03.05-01.28.14:593][635]LogOutputDevice: Error: [Callstack] 0x00007ff9aaa28940 UnrealEditor-Renderer.dll!FSceneViewState::SetExposureCompensationCurve() [D:\build\++UE5\Sync\Engine\Source\Runtime\Renderer\Private\PostProcess\PostProcessEyeAdaptation.cpp:729]
[2026.03.05-01.28.14:593][635]LogOutputDevice: Error: [Callstack] 0x00007ff9c26425ee UnrealEditor-Engine.dll!FSceneView::EndFinalPostprocessSettings() [D:\build\++UE5\Sync\Engine\Source\Runtime\Engine\Private\SceneView.cpp:2375]
[2026.03.05-01.28.14:593][635]LogOutputDevice: Error: [Callstack] 0x00007ff9c1d3a204 UnrealEditor-Engine.dll!ULocalPlayer::CalcSceneView() [D:\build\++UE5\Sync\Engine\Source\Runtime\Engine\Private\LocalPlayer.cpp:989]
[2026.03.05-01.28.14:593][635]LogOutputDevice: Error: [Callstack] 0x00007ff9c1a1e90a UnrealEditor-Engine.dll!UGameViewportClient::Draw() [D:\build\++UE5\Sync\Engine\Source\Runtime\Engine\Private\GameViewportClient.cpp:1687]
[2026.03.05-01.28.14:593][635]LogOutputDevice: Error: [Callstack] 0x00007ff9c2c219e5 UnrealEditor-Engine.dll!FViewport::Draw() [D:\build\++UE5\Sync\Engine\Source\Runtime\Engine\Private\UnrealClient.cpp:1798]
[2026.03.05-01.28.14:593][635]LogOutputDevice: Error: [Callstack] 0x00007ff9c19c454c UnrealEditor-Engine.dll!UGameEngine::RedrawViewports() [D:\build\++UE5\Sync\Engine\Source\Runtime\Engine\Private\GameEngine.cpp:789]
[2026.03.05-01.28.14:593][635]LogOutputDevice: Error: [Callstack] 0x00007ff9c30e966b UnrealEditor-Engine.dll!UEngine::LoadMap() [D:\build\++UE5\Sync\Engine\Source\Runtime\Engine\Private\UnrealEngine.cpp:16294]
[2026.03.05-01.28.14:593][635]LogOutputDevice: Error: [Callstack] 0x00007ff9c30a141b UnrealEditor-Engine.dll!UEngine::Browse() [D:\build\++UE5\Sync\Engine\Source\Runtime\Engine\Private\UnrealEngine.cpp:15420]
[2026.03.05-01.28.14:593][635]LogOutputDevice: Error: [Callstack] 0x00007ff9c30ff1bc UnrealEditor-Engine.dll!UEngine::TickWorldTravel() [D:\build\++UE5\Sync\Engine\Source\Runtime\Engine\Private\UnrealEngine.cpp:15618]
[2026.03.05-01.28.14:593][635]LogOutputDevice: Error: [Callstack] 0x00007ff9c19d4344 UnrealEditor-Engine.dll!UGameEngine::Tick() [D:\build\++UE5\Sync\Engine\Source\Runtime\Engine\Private\GameEngine.cpp:1872]
[2026.03.05-01.28.14:593][635]LogOutputDevice: Error: [Callstack] 0x00007ff705034da6 UnrealEditor.exe!FEngineLoop::Tick() [D:\build\++UE5\Sync\Engine\Source\Runtime\Launch\Private\LaunchEngineLoop.cpp:5828]
[2026.03.05-01.28.14:593][635]LogOutputDevice: Error: [Callstack] 0x00007ff705050bfe UnrealEditor.exe!GuardedMain() [D:\build\++UE5\Sync\Engine\Source\Runtime\Launch\Private\Launch.cpp:190]
[2026.03.05-01.28.14:593][635]LogOutputDevice: Error: [Callstack] 0x00007ff705050d0a UnrealEditor.exe!GuardedMainWrapper() [D:\build\++UE5\Sync\Engine\Source\Runtime\Launch\Private\Windows\LaunchWindows.cpp:123]
[2026.03.05-01.28.14:593][635]LogOutputDevice: Error: [Callstack] 0x00007ff705054590 UnrealEditor.exe!LaunchWindowsStartup() [D:\build\++UE5\Sync\Engine\Source\Runtime\Launch\Private\Windows\LaunchWindows.cpp:277]
[2026.03.05-01.28.14:593][635]LogOutputDevice: Error: [Callstack] 0x00007ff705065be4 UnrealEditor.exe!WinMain() [D:\build\++UE5\Sync\Engine\Source\Runtime\Launch\Private\Windows\LaunchWindows.cpp:334]
[2026.03.05-01.28.14:593][635]LogOutputDevice: Error: [Callstack] 0x00007ff705068f9a UnrealEditor.exe!__scrt_common_main_seh() [D:\a\_work\1\s\src\vctools\crt\vcstartup\src\startup\exe_common.inl:288]
[2026.03.05-01.28.14:593][635]LogOutputDevice: Error: [Callstack] 0x00007ffab96fe8d7 KERNEL32.DLL!UnknownFunction []
[2026.03.05-01.28.14:593][635]LogOutputDevice: Error: [Callstack] 0x00007ffabad0c40c ntdll.dll!UnknownFunction []
[2026.03.05-01.28.14:593][635]LogOutputDevice: Error: 
[2026.03.05-01.28.14:597][635]LogStats:                SubmitErrorReport -  0.000 s
[2026.03.05-01.28.22:398][635]LogWindows: Error: === Critical error: ===
[2026.03.05-01.28.22:398][635]LogWindows: Error: 
[2026.03.05-01.28.22:398][635]LogWindows: Error: Unhandled Exception: EXCEPTION_ACCESS_VIOLATION reading address 0xffffffffffffffff
[2026.03.05-01.28.22:398][635]LogWindows: Error: 
[2026.03.05-01.28.22:398][635]LogWindows: Error: [Callstack] 0x00007ff9aaa283a1 UnrealEditor-Renderer.dll!TMulticastDelegateRegistration<void __cdecl(UCurveBase *,unsigned int),FDefaultDelegateUserPolicy>::Remove() [D:\build\++UE5\Sync\Engine\Source\Runtime\Core\Public\Delegates\DelegateSignatureImpl.inl:1008]
[2026.03.05-01.28.22:398][635]LogWindows: Error: [Callstack] 0x00007ff9aaa28940 UnrealEditor-Renderer.dll!FSceneViewState::SetExposureCompensationCurve() [D:\build\++UE5\Sync\Engine\Source\Runtime\Renderer\Private\PostProcess\PostProcessEyeAdaptation.cpp:729]
[2026.03.05-01.28.22:398][635]LogWindows: Error: [Callstack] 0x00007ff9c26425ee UnrealEditor-Engine.dll!FSceneView::EndFinalPostprocessSettings() [D:\build\++UE5\Sync\Engine\Source\Runtime\Engine\Private\SceneView.cpp:2375]
[2026.03.05-01.28.22:398][635]LogWindows: Error: [Callstack] 0x00007ff9c1d3a204 UnrealEditor-Engine.dll!ULocalPlayer::CalcSceneView() [D:\build\++UE5\Sync\Engine\Source\Runtime\Engine\Private\LocalPlayer.cpp:989]
[2026.03.05-01.28.22:398][635]LogWindows: Error: [Callstack] 0x00007ff9c1a1e90a UnrealEditor-Engine.dll!UGameViewportClient::Draw() [D:\build\++UE5\Sync\Engine\Source\Runtime\Engine\Private\GameViewportClient.cpp:1687]
[2026.03.05-01.28.22:398][635]LogWindows: Error: [Callstack] 0x00007ff9c2c219e5 UnrealEditor-Engine.dll!FViewport::Draw() [D:\build\++UE5\Sync\Engine\Source\Runtime\Engine\Private\UnrealClient.cpp:1798]
[2026.03.05-01.28.22:398][635]LogWindows: Error: [Callstack] 0x00007ff9c19c454c UnrealEditor-Engine.dll!UGameEngine::RedrawViewports() [D:\build\++UE5\Sync\Engine\Source\Runtime\Engine\Private\GameEngine.cpp:789]
[2026.03.05-01.28.22:398][635]LogWindows: Error: [Callstack] 0x00007ff9c30e966b UnrealEditor-Engine.dll!UEngine::LoadMap() [D:\build\++UE5\Sync\Engine\Source\Runtime\Engine\Private\UnrealEngine.cpp:16294]
[2026.03.05-01.28.22:398][635]LogWindows: Error: [Callstack] 0x00007ff9c30a141b UnrealEditor-Engine.dll!UEngine::Browse() [D:\build\++UE5\Sync\Engine\Source\Runtime\Engine\Private\UnrealEngine.cpp:15420]
[2026.03.05-01.28.22:398][635]LogWindows: Error: [Callstack] 0x00007ff9c30ff1bc UnrealEditor-Engine.dll!UEngine::TickWorldTravel() [D:\build\++UE5\Sync\Engine\Source\Runtime\Engine\Private\UnrealEngine.cpp:15618]
[2026.03.05-01.28.22:398][635]LogWindows: Error: [Callstack] 0x00007ff9c19d4344 UnrealEditor-Engine.dll!UGameEngine::Tick() [D:\build\++UE5\Sync\Engine\Source\Runtime\Engine\Private\GameEngine.cpp:1872]
[2026.03.05-01.28.22:398][635]LogWindows: Error: [Callstack] 0x00007ff705034da6 UnrealEditor.exe!FEngineLoop::Tick() [D:\build\++UE5\Sync\Engine\Source\Runtime\Launch\Private\LaunchEngineLoop.cpp:5828]
[2026.03.05-01.28.22:398][635]LogWindows: Error: [Callstack] 0x00007ff705050bfe UnrealEditor.exe!GuardedMain() [D:\build\++UE5\Sync\Engine\Source\Runtime\Launch\Private\Launch.cpp:190]
[2026.03.05-01.28.22:398][635]LogWindows: Error: [Callstack] 0x00007ff705050d0a UnrealEditor.exe!GuardedMainWrapper() [D:\build\++UE5\Sync\Engine\Source\Runtime\Launch\Private\Windows\LaunchWindows.cpp:123]
[2026.03.05-01.28.22:398][635]LogWindows: Error: [Callstack] 0x00007ff705054590 UnrealEditor.exe!LaunchWindowsStartup() [D:\build\++UE5\Sync\Engine\Source\Runtime\Launch\Private\Windows\LaunchWindows.cpp:277]
[2026.03.05-01.28.22:398][635]LogWindows: Error: [Callstack] 0x00007ff705065be4 UnrealEditor.exe!WinMain() [D:\build\++UE5\Sync\Engine\Source\Runtime\Launch\Private\Windows\LaunchWindows.cpp:334]
[2026.03.05-01.28.22:398][635]LogWindows: Error: [Callstack] 0x00007ff705068f9a UnrealEditor.exe!__scrt_common_main_seh() [D:\a\_work\1\s\src\vctools\crt\vcstartup\src\startup\exe_common.inl:288]
[2026.03.05-01.28.22:398][635]LogWindows: Error: [Callstack] 0x00007ffab96fe8d7 KERNEL32.DLL!UnknownFunction []
[2026.03.05-01.28.22:398][635]LogWindows: Error: 
[2026.03.05-01.28.22:406][635]LogExit: Executing StaticShutdownAfterError
